exports[`<StyledLink /> should render <Link /> 1`] = `1`;
