exports[`selectors should getLoggedIn information 1`] = `true`;
