exports[`<RenderField /> should render <Span /> when has been touched and errored 1`] = `1`;

exports[`<RenderField /> should render an <Input /> 1`] = `1`;

exports[`<RenderField /> should render no <Span /> if it has not been touched or errored 1`] = `0`;
