exports[`<NavLink /> Should render react-router li 1`] = `1`;

exports[`<NavLink /> should render RestyledLink 1`] = `1`;
